  CALL    scripts/atomic/check-atomics.sh
  CALL    scripts/checksyscalls.sh
  CHK     include/generated/compile.h
  CC      arch/arm/vfp/vfpmodule.o
  AS      arch/arm/vfp/vfphw.o
  CC      arch/arm/vfp/vfpsingle.o
  MUNGE   arch/arm/vdso/vdso.so.dbg
  AR      arch/arm/crypto/built-in.a
./arch/arm/vdso/vdsomunge: Unexpected hard-float flag set in e_flags
make[2]: *** [arch/arm/vdso/Makefile:54: arch/arm/vdso/vdso.so.dbg] Error 1
  AR      arch/arm/net/built-in.a
make[1]: *** [scripts/Makefile.build:540: arch/arm/vdso] Error 2
make[1]: *** Waiting for unfinished jobs....
  CC      arch/arm/probes/decode.o
  CC      arch/arm/probes/decode-arm.o
  CC      arch/arm/probes/uprobes/core.o
  CC      arch/arm/vfp/vfpdouble.o
  CC      arch/arm/probes/uprobes/actions-arm.o
/tmp/ccxqtbFp.s: Assembler messages:
/tmp/ccxqtbFp.s:2263: Error: D register out of range for selected VFP version -- `vldr.64 d16,.L142'
/tmp/ccxqtbFp.s:2275: Error: D register out of range for selected VFP version -- `vstr.64 d16,[r1]'
make[2]: *** [scripts/Makefile.build:277: arch/arm/vfp/vfpmodule.o] Error 1
make[2]: *** Waiting for unfinished jobs....
  AR      arch/arm/probes/uprobes/built-in.a
  AR      arch/arm/probes/built-in.a
  AR      virt/lib/built-in.a
  AR      virt/built-in.a
  AS      arch/arm/lib/ashldi3.o
  AS      arch/arm/lib/ashrdi3.o
  AS      arch/arm/lib/backtrace.o
  AS      arch/arm/lib/bswapsdi2.o
  AS      arch/arm/lib/call_with_stack.o
  CC      lib/math/div64.o
  AS      arch/arm/lib/changebit.o
  CC      lib/crypto/chacha.o
  CC      lib/math/gcd.o
  AS      arch/arm/lib/clear_user.o
  AS      arch/arm/lib/clearbit.o
  AS      arch/arm/lib/copy_from_user.o
  AS      arch/arm/lib/copy_page.o
  CC      lib/math/lcm.o
  AS      arch/arm/lib/copy_to_user.o
  CC      lib/zlib_inflate/inffast.o
  AS      arch/arm/lib/csumipv6.o
  AS      arch/arm/lib/csumpartial.o
  CC      lib/math/int_pow.o
  AS      arch/arm/lib/csumpartialcopy.o
  CC      lib/zlib_inflate/inflate.o
  CC      lib/zlib_inflate/infutil.o
  AR      lib/crypto/built-in.a
  CC      lib/zlib_inflate/inftrees.o
  AS      arch/arm/lib/csumpartialcopyuser.o
  CC      lib/zlib_inflate/inflate_syms.o
  AS      arch/arm/lib/delay-loop.o
  CC      lib/math/int_sqrt.o
  CC      arch/arm/lib/delay.o
make[1]: *** [scripts/Makefile.build:540: arch/arm/vfp] Error 2
make: *** [Makefile:1868: arch/arm] Error 2
make: *** Waiting for unfinished jobs....
  CC      lib/math/reciprocal_div.o
  AS      arch/arm/lib/div64.o
  AS      arch/arm/lib/findbit.o
  CC      lib/zlib_deflate/deflate.o
  AS      arch/arm/lib/getuser.o
  CC      lib/math/rational.o
  CC      lib/zlib_deflate/deftree.o
  CC      lib/zlib_deflate/deflate_syms.o
  CC      lib/lzo/lzo1x_compress.o
  AS      arch/arm/lib/io-readsb.o
  AS      arch/arm/lib/io-readsl.o
  CC      lib/lzo/lzo1x_decompress_safe.o
  AS      arch/arm/lib/io-readsw-armv4.o
  CC      lib/lz4/lz4_decompress.o
  AS      arch/arm/lib/io-writesb.o
  AS      arch/arm/lib/io-writesl.o
  CC      lib/zstd/fse_compress.o
  AS      arch/arm/lib/io-writesw-armv4.o
  AS      arch/arm/lib/lib1funcs.o
  AR      lib/math/built-in.a
  CC      lib/zstd/huf_compress.o
  AS      arch/arm/lib/lshrdi3.o
  CC      lib/zstd/compress.o
  CC      lib/xz/xz_dec_syms.o
  AS      arch/arm/lib/memchr.o
  AS      arch/arm/lib/memcpy.o
  AS      arch/arm/lib/memmove.o
  AR      lib/zlib_inflate/built-in.a
  AS      arch/arm/lib/memset.o
  CC      lib/xz/xz_dec_stream.o
  CC      lib/xz/xz_dec_lzma2.o
  AS      arch/arm/lib/muldi3.o
  AR      lib/lzo/built-in.a
  AS      arch/arm/lib/putuser.o
  CC      lib/zstd/entropy_common.o
  CC      lib/fonts/fonts.o
  AS      arch/arm/lib/setbit.o
  AS      arch/arm/lib/strchr.o
  AS      arch/arm/lib/strrchr.o
  AS      arch/arm/lib/testchangebit.o
  AS      arch/arm/lib/testclearbit.o
  CC      lib/zstd/fse_decompress.o
  AS      arch/arm/lib/testsetbit.o
  AS      arch/arm/lib/ucmpdi2.o
  CC      lib/zstd/zstd_common.o
  AR      arch/arm/lib/built-in.a
  AR      arch/arm/lib/lib.a
  CC      lib/fonts/font_8x8.o
  AR      lib/zlib_deflate/built-in.a
  CC      lib/fonts/font_8x16.o
  CC      lib/xz/xz_dec_bcj.o
  CC      lib/argv_split.o
  CC      lib/bug.o
  CC      lib/buildid.o
  CC      lib/zstd/huf_decompress.o
  AR      lib/fonts/built-in.a
  CC      lib/zstd/decompress.o
  CC      lib/cmdline.o
  CC      lib/cpumask.o
  CC      lib/ctype.o
  CC      lib/dec_and_lock.o
  AR      lib/xz/built-in.a
  CC      lib/decompress.o
  CC      lib/decompress_bunzip2.o
  CC      lib/decompress_inflate.o
  CC      lib/decompress_unlz4.o
  CC      lib/decompress_unlzma.o
  CC      lib/decompress_unlzo.o
  AR      lib/lz4/built-in.a
  CC      lib/decompress_unxz.o
  CC      lib/decompress_unzstd.o
  CC      lib/dump_stack.o
  CC      lib/earlycpio.o
  CC      lib/extable.o
  CC      lib/fdt.o
  CC      lib/fdt_addresses.o
  CC      lib/fdt_empty_tree.o
  CC      lib/fdt_ro.o
  CC      lib/fdt_rw.o
  CC      lib/fdt_strerror.o
  CC      lib/fdt_sw.o
  CC      lib/fdt_wip.o
  CC      lib/flex_proportions.o
  CC      lib/idr.o
  CC      lib/irq_regs.o
  CC      lib/is_single_threaded.o
  CC      lib/klist.o
  CC      lib/kobject.o
  CC      lib/kobject_uevent.o
  CC      lib/logic_pio.o
  CC      lib/memcat_p.o
  CC      lib/nmi_backtrace.o
  CC      lib/nodemask.o
  CC      lib/plist.o
  CC      lib/radix-tree.o
  CC      lib/ratelimit.o
  CC      lib/rbtree.o
  CC      lib/seq_buf.o
  CC      lib/sha1.o
  CC      lib/show_mem.o
  CC      lib/siphash.o
  CC      lib/string.o
  CC      lib/timerqueue.o
  CC      lib/vsprintf.o
  CC      lib/win_minmax.o
  CC      lib/xarray.o
  CC      lib/lockref.o
  CC      lib/bcd.o
  CC      lib/sort.o
  CC      lib/parser.o
  CC      lib/debug_locks.o
  CC      lib/random32.o
  CC      lib/bust_spinlocks.o
  CC      lib/kasprintf.o
  CC      lib/bitmap.o
  CC      lib/scatterlist.o
  CC      lib/list_sort.o
  CC      lib/uuid.o
  CC      lib/iov_iter.o
  CC      lib/clz_ctz.o
  CC      lib/bsearch.o
  CC      lib/find_bit.o
  CC      lib/llist.o
  CC      lib/memweight.o
  CC      lib/kfifo.o
  CC      lib/percpu-refcount.o
  CC      lib/rhashtable.o
  CC      lib/once.o
  CC      lib/refcount.o
  CC      lib/usercopy.o
  CC      lib/errseq.o
  CC      lib/bucket_locks.o
  CC      lib/generic-radix-tree.o
  CC      lib/string_helpers.o
  CC      lib/hexdump.o
  CC      lib/kstrtox.o
  CC      lib/pci_iomap.o
  CC      lib/iomap_copy.o
  CC      lib/devres.o
  CC      lib/hweight.o
  CC      lib/bitrev.o
  CC      lib/linear_ranges.o
  CC      lib/crc16.o
  HOSTCC  lib/gen_crc32table
  CC      lib/xxhash.o
  CC      lib/genalloc.o
  CC      lib/percpu_counter.o
  CC      lib/syscall.o
  CC      lib/errname.o
  CC      lib/nlattr.o
  CC      lib/cpu_rmap.o
  CC      lib/dynamic_queue_limits.o
  CC      lib/glob.o
  CC      lib/strncpy_from_user.o
  CC      lib/strnlen_user.o
  CC      lib/net_utils.o
  CC      lib/sg_pool.o
  CC      lib/sbitmap.o
  CC      lib/devmem_is_allowed.o
  GEN     lib/crc32table.h
  CC      lib/crc32.o
  AR      lib/lib.a
  AR      lib/zstd/built-in.a
  AR      lib/built-in.a
